// Jest Snapshot v1, https://goo.gl/fbAQLP

exports[`Grid should render with minimum props 1`] = `
<Grid
  align="stretch"
  direction="horizontal"
  gutter="normal"
  justify="start"
  size="fill"
>
  <div
    className="grid-component grid-component--stretch-align grid-component--horizontal-direction grid-component--normal-gutter grid-component--start-justify"
  />
</Grid>
`;
