// Jest Snapshot v1, https://goo.gl/fbAQLP

exports[`Offscreen should render with minimum props 1`] = `
<Offscreen>
  <div
    className="offscreen-wrapper offscreen--show"
  >
    <div
      className="offscreen-aside"
    />
    <div
      className="offscreen-content"
    />
  </div>
</Offscreen>
`;
